// Jest Snapshot v1, https://goo.gl/fbAQLP

exports[`Catalog API read should read file in given format 1`] = `
Object {
  obsolete: Object {
    comments: Array [],
    description: undefined,
    flags: Array [],
    obsolete: true,
    origin: Array [],
    translation: Is marked as obsolete,
  },
  static: Object {
    comments: Array [],
    description: undefined,
    flags: Array [],
    obsolete: false,
    origin: Array [],
    translation: Static message,
  },
  veryLongString: Object {
    comments: Array [],
    description: undefined,
    flags: Array [],
    obsolete: false,
    origin: Array [],
    translation: One morning, when Gregor Samsa woke from troubled dreams, he found himself transformed in his bed into a horrible vermin. He lay on his armour-like back, and if he lifted his head a little he could see his brown belly, slightly domed and divided by arches into stiff sections. The bedding was hardly able to cover it and seemed ready to slide off any moment. His many legs, pitifully thin compared with the size of the rest of him, waved about helplessly as he looked. "What's happened to me?" he thought. It wasn't a dream. His room, a proper human,
  },
  withComments: Object {
    comments: Array [
      Translator comment,
      This one might come from developer,
    ],
    description: undefined,
    flags: Array [],
    obsolete: false,
    origin: Array [],
    translation: Support translator comments separately,
  },
  withDescription: Object {
    comments: Array [],
    description: Description is comment from developers to translators,
    flags: Array [],
    obsolete: false,
    origin: Array [],
    translation: Message with description,
  },
  withFlags: Object {
    comments: Array [],
    description: undefined,
    flags: Array [
      fuzzy,
      otherFlag,
    ],
    obsolete: false,
    origin: Array [],
    translation: Keeps any flags that are defined,
  },
  withMultipleOrigins: Object {
    comments: Array [],
    description: undefined,
    flags: Array [],
    obsolete: false,
    origin: Array [
      Array [
        src/App.js,
        4,
      ],
      Array [
        src/Component.js,
        2,
      ],
    ],
    translation: Message with multiple origin,
  },
  withOrigin: Object {
    comments: Array [],
    description: undefined,
    flags: Array [],
    obsolete: false,
    origin: Array [
      Array [
        src/App.js,
        4,
      ],
    ],
    translation: Message with origin,
  },
}
`;

exports[`Catalog API read should read file in previous format 1`] = `
Object {
  static: Object {
    defaults: null,
    obsolete: false,
    origin: Array [],
    translation: Static message,
  },
  veryLongString: Object {
    defaults: null,
    obsolete: false,
    origin: Array [],
    translation: One morning, when Gregor Samsa woke from troubled dreams, he found himself transformed in his bed into a horrible vermin. He lay on his armour-like back, and if he lifted his head a little he could see his brown belly, slightly domed and divided by arches into stiff sections. The bedding was hardly able to cover it and seemed ready to slide off any moment. His many legs, pitifully thin compared with the size of the rest of him, waved about helplessly as he looked. "What's happened to me?" he thought. It wasn't a dream. His room, a proper human,
  },
}
`;

exports[`Catalog API should convert catalog format 1`] = `
msgid ""
msgstr ""
"Project-Id-Version: \\n"
"Report-Msgid-Bugs-To: \\n"
"POT-Creation-Date: \\n"
"PO-Revision-Date: \\n"
"Last-Translator: \\n"
"Language: \\n"
"Language-Team: \\n"
"Content-Type: \\n"
"Content-Transfer-Encoding: \\n"
"Plural-Forms: \\n"

msgid "static"
msgstr "Static message"

msgid "veryLongString"
msgstr "One morning, when Gregor Samsa woke from troubled dreams, he found himself transformed in his bed into a horrible vermin. He lay on his armour-like back, and if he lifted his head a little he could see his brown belly, slightly domed and divided by arches into stiff sections. The bedding was hardly able to cover it and seemed ready to slide off any moment. His many legs, pitifully thin compared with the size of the rest of him, waved about helplessly as he looked. \\"What's happened to me?\\" he thought. It wasn't a dream. His room, a proper human"
`;
